[tools_browser] No confirm callback configured — auto-DENYING gated action:
Close and relaunch Microsoft Edge with Jerry co-drive enabled. Edge will restore the last session, but unsaved page state may be lost.
[tools_browser] No confirm callback configured — auto-DENYING gated action:
Close and relaunch Microsoft Edge with Jerry co-drive enabled. Edge will restore the last session, but unsaved page state may be lost.
Traceback (most recent call last):
  File "<stdin>", line 22, in <module>
  File "C:\Users\MOTHERSHIP\AppData\Local\Programs\Python\Python311\Lib\asyncio\runners.py", line 190, in run
    return runner.run(main)
           ^^^^^^^^^^^^^^^^
  File "C:\Users\MOTHERSHIP\AppData\Local\Programs\Python\Python311\Lib\asyncio\runners.py", line 118, in run
    return self._loop.run_until_complete(task)
           ^^^^^^^^^^^^^^^^^^^^^^^^^^^^^^^^^^^
  File "C:\Users\MOTHERSHIP\AppData\Local\Programs\Python\Python311\Lib\asyncio\base_events.py", line 654, in run_until_complete
    return future.result()
           ^^^^^^^^^^^^^^^
  File "<stdin>", line 8, in main
  File "c:\school\Hackathon2026\tools_browser.py", line 352, in _extract
    page = await _ctx()
           ^^^^^^^^^^^^
  File "c:\school\Hackathon2026\tools_browser.py", line 189, in _ctx
    await _ensure_edge()
  File "c:\school\Hackathon2026\tools_browser.py", line 159, in _ensure_edge
    raise RuntimeError("Edge is open without co-drive and relaunch was denied")
RuntimeError: Edge is open without co-drive and relaunch was denied
Exception ignored in: <function _ProactorBasePipeTransport.__del__ at 0x000001BCBAA3EB60>
Traceback (most recent call last):
  File "C:\Users\MOTHERSHIP\AppData\Local\Programs\Python\Python311\Lib\asyncio\proactor_events.py", line 116, in __del__
    _warn(f"unclosed transport {self!r}", ResourceWarning, source=self)
          ^^^^^^^^^^^^^^^^^^^^^^^^^^^^^^
  File "C:\Users\MOTHERSHIP\AppData\Local\Programs\Python\Python311\Lib\asyncio\proactor_events.py", line 80, in __repr__
    info.append(f'fd={self._sock.fileno()}')
                      ^^^^^^^^^^^^^^^^^^^
  File "C:\Users\MOTHERSHIP\AppData\Local\Programs\Python\Python311\Lib\asyncio\windows_utils.py", line 102, in fileno
    raise ValueError("I/O operation on closed pipe")
ValueError: I/O operation on closed pipe
Exception ignored in: <function BaseSubprocessTransport.__del__ at 0x000001BCBAA3D440>
Traceback (most recent call last):
  File "C:\Users\MOTHERSHIP\AppData\Local\Programs\Python\Python311\Lib\asyncio\base_subprocess.py", line 125, in __del__
    _warn(f"unclosed transport {self!r}", ResourceWarning, source=self)
          ^^^^^^^^^^^^^^^^^^^^^^^^^^^^^^
  File "C:\Users\MOTHERSHIP\AppData\Local\Programs\Python\Python311\Lib\asyncio\base_subprocess.py", line 70, in __repr__
    info.append(f'stdin={stdin.pipe}')
                ^^^^^^^^^^^^^^^^^^^^^
  File "C:\Users\MOTHERSHIP\AppData\Local\Programs\Python\Python311\Lib\asyncio\proactor_events.py", line 80, in __repr__
    info.append(f'fd={self._sock.fileno()}')
                      ^^^^^^^^^^^^^^^^^^^
  File "C:\Users\MOTHERSHIP\AppData\Local\Programs\Python\Python311\Lib\asyncio\windows_utils.py", line 102, in fileno
    raise ValueError("I/O operation on closed pipe")
ValueError: I/O operation on closed pipe
Exception ignored in: <function _ProactorBasePipeTransport.__del__ at 0x000001BCBAA3EB60>
Traceback (most recent call last):
  File "C:\Users\MOTHERSHIP\AppData\Local\Programs\Python\Python311\Lib\asyncio\proactor_events.py", line 116, in __del__
    _warn(f"unclosed transport {self!r}", ResourceWarning, source=self)
          ^^^^^^^^^^^^^^^^^^^^^^^^^^^^^^
  File "C:\Users\MOTHERSHIP\AppData\Local\Programs\Python\Python311\Lib\asyncio\proactor_events.py", line 80, in __repr__
    info.append(f'fd={self._sock.fileno()}')
                      ^^^^^^^^^^^^^^^^^^^
  File "C:\Users\MOTHERSHIP\AppData\Local\Programs\Python\Python311\Lib\asyncio\windows_utils.py", line 102, in fileno
    raise ValueError("I/O operation on closed pipe")
ValueError: I/O operation on closed pipe
Exception ignored in: <function BaseSubprocessTransport.__del__ at 0x000001BCBAA3D440>
Traceback (most recent call last):
  File "C:\Users\MOTHERSHIP\AppData\Local\Programs\Python\Python311\Lib\asyncio\base_subprocess.py", line 126, in __del__
  File "C:\Users\MOTHERSHIP\AppData\Local\Programs\Python\Python311\Lib\asyncio\base_subprocess.py", line 104, in close
  File "C:\Users\MOTHERSHIP\AppData\Local\Programs\Python\Python311\Lib\asyncio\proactor_events.py", line 109, in close
  File "C:\Users\MOTHERSHIP\AppData\Local\Programs\Python\Python311\Lib\asyncio\base_events.py", line 762, in call_soon
  File "C:\Users\MOTHERSHIP\AppData\Local\Programs\Python\Python311\Lib\asyncio\base_events.py", line 520, in _check_closed
RuntimeError: Event loop is closed
